

Microchip MPLAB XC8 Assembler V3.00 build 20241204225717 
                                                                                               Fri May 30 22:02:49 2025

Microchip MPLAB XC8 C Compiler v3.00 (Free license) build 20241204225717 Og1 
     1                           	processor	18F4550
     2                           	fnconf	rparam,??,?,0
     3                           	pagewidth 120
     4                           	opt	flic
     5                           	psect	idataCOMRAM,global,class=CODE,space=0,delta=1,noexec
     6                           	psect	cinit,global,reloc=2,class=CODE,space=0,delta=1
     7                           	psect	dataCOMRAM,global,class=COMRAM,space=1,delta=1,lowdata,noexec
     8                           	psect	cstackCOMRAM,global,class=COMRAM,space=1,delta=1,lowdata,noexec
     9                           	psect	text0,global,reloc=2,class=CODE,space=0,delta=1
    10                           	psect	smallconst,global,reloc=2,class=SMALLCONST,space=0,delta=1,noexec
    11                           	psect	intsave_regs,global,class=BIGRAM,space=1,delta=1,noexec
    12                           	psect	rparam,global,class=COMRAM,space=1,delta=1,noexec
    13                           	psect	config,global,abs,ovrld,class=CONFIG,space=4,delta=1,noexec
    14   000000                     
    15                           ; Generated 17/10/2023 GMT
    16                           ; 
    17                           ; Copyright © 2023, Microchip Technology Inc. and its subsidiaries ("Microchip")
    18                           ; All rights reserved.
    19                           ; 
    20                           ; This software is developed by Microchip Technology Inc. and its subsidiaries ("Microch
      +                          ip").
    21                           ; 
    22                           ; Redistribution and use in source and binary forms, with or without modification, are
    23                           ; permitted provided that the following conditions are met:
    24                           ; 
    25                           ;     1. Redistributions of source code must retain the above copyright notice, this lis
      +                          t of
    26                           ;        conditions and the following disclaimer.
    27                           ; 
    28                           ;     2. Redistributions in binary form must reproduce the above copyright notice, this 
      +                          list
    29                           ;        of conditions and the following disclaimer in the documentation and/or other
    30                           ;        materials provided with the distribution. Publication is not required when
    31                           ;        this file is used in an embedded application.
    32                           ; 
    33                           ;     3. Microchip's name may not be used to endorse or promote products derived from th
      +                          is
    34                           ;        software without specific prior written permission.
    35                           ; 
    36                           ; THIS SOFTWARE IS PROVIDED BY MICROCHIP "AS IS" AND ANY EXPRESS OR IMPLIED WARRANTIES,
    37                           ; INCLUDING, BUT NOT LIMITED TO, THE IMPLIED WARRANTIES OF MERCHANTABILITY AND FITNESS F
      +                          OR
    38                           ; PURPOSE ARE DISCLAIMED.  IN NO EVENT SHALL MICROCHIP BE LIABLE FOR ANY DIRECT, INDIREC
      +                          T,
    39                           ; INCIDENTAL, SPECIAL, EXEMPLARY, OR CONSEQUENTIAL DAMAGES (INCLUDING BUT NOT LIMITED TO
    40                           ; PROCUREMENT OF SUBSTITUTE GOODS OR SERVICES; LOSS OF USE, DATA OR PROFITS; OR BUSINESS
    41                           ; INTERRUPTION) HOWSOEVER CAUSED AND ON ANY THEORY OF LIABILITY, WHETHER IN CONTRACT, ST
      +                          RICT
    42                           ; LIABILITY, OR TORT (INCLUDING NEGLIGENCE OR OTHERWISE) ARISING IN ANY WAY OUT OF THE U
      +                          SE OF
    43                           ; THIS SOFTWARE, EVEN IF ADVISED OF THE POSSIBILITY OF SUCH DAMAGE.
    44                           ; 
    45                           ; 
    46                           ; Code-generator required, PIC18F4550 Definitions
    47                           ; 
    48                           ; SFR Addresses
    49   000FE0                     bsr             equ	4064
    50   000FE9                     fsr0            equ	4073
    51   000FEA                     fsr0h           equ	4074
    52   000FE9                     fsr0l           equ	4073
    53   000FE1                     fsr1            equ	4065
    54   000FE2                     fsr1h           equ	4066
    55   000FE1                     fsr1l           equ	4065
    56   000FD9                     fsr2            equ	4057
    57   000FDA                     fsr2h           equ	4058
    58   000FD9                     fsr2l           equ	4057
    59   000FEF                     indf0           equ	4079
    60   000FE7                     indf1           equ	4071
    61   000FDF                     indf2           equ	4063
    62   000FF2                     intcon          equ	4082
    63   000000                     nvmcon          equ	0
    64   000FF9                     pcl             equ	4089
    65   000FFA                     pclath          equ	4090
    66   000FFB                     pclatu          equ	4091
    67   000FEB                     plusw0          equ	4075
    68   000FE3                     plusw1          equ	4067
    69   000FDB                     plusw2          equ	4059
    70   000FED                     postdec0        equ	4077
    71   000FE5                     postdec1        equ	4069
    72   000FDD                     postdec2        equ	4061
    73   000FEE                     postinc0        equ	4078
    74   000FE6                     postinc1        equ	4070
    75   000FDE                     postinc2        equ	4062
    76   000FEC                     preinc0         equ	4076
    77   000FE4                     preinc1         equ	4068
    78   000FDC                     preinc2         equ	4060
    79   000FF3                     prod            equ	4083
    80   000FF4                     prodh           equ	4084
    81   000FF3                     prodl           equ	4083
    82   000FD8                     status          equ	4056
    83   000FF5                     tablat          equ	4085
    84   000FF6                     tblptr          equ	4086
    85   000FF7                     tblptrh         equ	4087
    86   000FF6                     tblptrl         equ	4086
    87   000FF8                     tblptru         equ	4088
    88   000FFD                     tosl            equ	4093
    89   000FE8                     wreg            equ	4072
    90   000F62                     SPPDATA         equ	3938	;# 
    91   000F63                     SPPCFG          equ	3939	;# 
    92   000F64                     SPPEPS          equ	3940	;# 
    93   000F65                     SPPCON          equ	3941	;# 
    94   000F66                     UFRM            equ	3942	;# 
    95   000F66                     UFRML           equ	3942	;# 
    96   000F67                     UFRMH           equ	3943	;# 
    97   000F68                     UIR             equ	3944	;# 
    98   000F69                     UIE             equ	3945	;# 
    99   000F6A                     UEIR            equ	3946	;# 
   100   000F6B                     UEIE            equ	3947	;# 
   101   000F6C                     USTAT           equ	3948	;# 
   102   000F6D                     UCON            equ	3949	;# 
   103   000F6E                     UADDR           equ	3950	;# 
   104   000F6F                     UCFG            equ	3951	;# 
   105   000F70                     UEP0            equ	3952	;# 
   106   000F71                     UEP1            equ	3953	;# 
   107   000F72                     UEP2            equ	3954	;# 
   108   000F73                     UEP3            equ	3955	;# 
   109   000F74                     UEP4            equ	3956	;# 
   110   000F75                     UEP5            equ	3957	;# 
   111   000F76                     UEP6            equ	3958	;# 
   112   000F77                     UEP7            equ	3959	;# 
   113   000F78                     UEP8            equ	3960	;# 
   114   000F79                     UEP9            equ	3961	;# 
   115   000F7A                     UEP10           equ	3962	;# 
   116   000F7B                     UEP11           equ	3963	;# 
   117   000F7C                     UEP12           equ	3964	;# 
   118   000F7D                     UEP13           equ	3965	;# 
   119   000F7E                     UEP14           equ	3966	;# 
   120   000F7F                     UEP15           equ	3967	;# 
   121   000F80                     PORTA           equ	3968	;# 
   122   000F81                     PORTB           equ	3969	;# 
   123   000F82                     PORTC           equ	3970	;# 
   124   000F83                     PORTD           equ	3971	;# 
   125   000F84                     PORTE           equ	3972	;# 
   126   000F89                     LATA            equ	3977	;# 
   127   000F8A                     LATB            equ	3978	;# 
   128   000F8B                     LATC            equ	3979	;# 
   129   000F8C                     LATD            equ	3980	;# 
   130   000F8D                     LATE            equ	3981	;# 
   131   000F92                     TRISA           equ	3986	;# 
   132   000F92                     DDRA            equ	3986	;# 
   133   000F93                     TRISB           equ	3987	;# 
   134   000F93                     DDRB            equ	3987	;# 
   135   000F94                     TRISC           equ	3988	;# 
   136   000F94                     DDRC            equ	3988	;# 
   137   000F95                     TRISD           equ	3989	;# 
   138   000F95                     DDRD            equ	3989	;# 
   139   000F96                     TRISE           equ	3990	;# 
   140   000F96                     DDRE            equ	3990	;# 
   141   000F9B                     OSCTUNE         equ	3995	;# 
   142   000F9D                     PIE1            equ	3997	;# 
   143   000F9E                     PIR1            equ	3998	;# 
   144   000F9F                     IPR1            equ	3999	;# 
   145   000FA0                     PIE2            equ	4000	;# 
   146   000FA1                     PIR2            equ	4001	;# 
   147   000FA2                     IPR2            equ	4002	;# 
   148   000FA6                     EECON1          equ	4006	;# 
   149   000FA7                     EECON2          equ	4007	;# 
   150   000FA8                     EEDATA          equ	4008	;# 
   151   000FA9                     EEADR           equ	4009	;# 
   152   000FAB                     RCSTA           equ	4011	;# 
   153   000FAB                     RCSTA1          equ	4011	;# 
   154   000FAC                     TXSTA           equ	4012	;# 
   155   000FAC                     TXSTA1          equ	4012	;# 
   156   000FAD                     TXREG           equ	4013	;# 
   157   000FAD                     TXREG1          equ	4013	;# 
   158   000FAE                     RCREG           equ	4014	;# 
   159   000FAE                     RCREG1          equ	4014	;# 
   160   000FAF                     SPBRG           equ	4015	;# 
   161   000FAF                     SPBRG1          equ	4015	;# 
   162   000FB0                     SPBRGH          equ	4016	;# 
   163   000FB1                     T3CON           equ	4017	;# 
   164   000FB2                     TMR3            equ	4018	;# 
   165   000FB2                     TMR3L           equ	4018	;# 
   166   000FB3                     TMR3H           equ	4019	;# 
   167   000FB4                     CMCON           equ	4020	;# 
   168   000FB5                     CVRCON          equ	4021	;# 
   169   000FB6                     ECCP1AS         equ	4022	;# 
   170   000FB6                     CCP1AS          equ	4022	;# 
   171   000FB7                     ECCP1DEL        equ	4023	;# 
   172   000FB7                     CCP1DEL         equ	4023	;# 
   173   000FB8                     BAUDCON         equ	4024	;# 
   174   000FB8                     BAUDCTL         equ	4024	;# 
   175   000FBA                     CCP2CON         equ	4026	;# 
   176   000FBB                     CCPR2           equ	4027	;# 
   177   000FBB                     CCPR2L          equ	4027	;# 
   178   000FBC                     CCPR2H          equ	4028	;# 
   179   000FBD                     CCP1CON         equ	4029	;# 
   180   000FBD                     ECCP1CON        equ	4029	;# 
   181   000FBE                     CCPR1           equ	4030	;# 
   182   000FBE                     CCPR1L          equ	4030	;# 
   183   000FBF                     CCPR1H          equ	4031	;# 
   184   000FC0                     ADCON2          equ	4032	;# 
   185   000FC1                     ADCON1          equ	4033	;# 
   186   000FC2                     ADCON0          equ	4034	;# 
   187   000FC3                     ADRES           equ	4035	;# 
   188   000FC3                     ADRESL          equ	4035	;# 
   189   000FC4                     ADRESH          equ	4036	;# 
   190   000FC5                     SSPCON2         equ	4037	;# 
   191   000FC6                     SSPCON1         equ	4038	;# 
   192   000FC7                     SSPSTAT         equ	4039	;# 
   193   000FC8                     SSPADD          equ	4040	;# 
   194   000FC9                     SSPBUF          equ	4041	;# 
   195   000FCA                     T2CON           equ	4042	;# 
   196   000FCB                     PR2             equ	4043	;# 
   197   000FCB                     MEMCON          equ	4043	;# 
   198   000FCC                     TMR2            equ	4044	;# 
   199   000FCD                     T1CON           equ	4045	;# 
   200   000FCE                     TMR1            equ	4046	;# 
   201   000FCE                     TMR1L           equ	4046	;# 
   202   000FCF                     TMR1H           equ	4047	;# 
   203   000FD0                     RCON            equ	4048	;# 
   204   000FD1                     WDTCON          equ	4049	;# 
   205   000FD2                     HLVDCON         equ	4050	;# 
   206   000FD2                     LVDCON          equ	4050	;# 
   207   000FD3                     OSCCON          equ	4051	;# 
   208   000FD5                     T0CON           equ	4053	;# 
   209   000FD6                     TMR0            equ	4054	;# 
   210   000FD6                     TMR0L           equ	4054	;# 
   211   000FD7                     TMR0H           equ	4055	;# 
   212   000FD8                     STATUS          equ	4056	;# 
   213   000FD9                     FSR2            equ	4057	;# 
   214   000FD9                     FSR2L           equ	4057	;# 
   215   000FDA                     FSR2H           equ	4058	;# 
   216   000FDB                     PLUSW2          equ	4059	;# 
   217   000FDC                     PREINC2         equ	4060	;# 
   218   000FDD                     POSTDEC2        equ	4061	;# 
   219   000FDE                     POSTINC2        equ	4062	;# 
   220   000FDF                     INDF2           equ	4063	;# 
   221   000FE0                     BSR             equ	4064	;# 
   222   000FE1                     FSR1            equ	4065	;# 
   223   000FE1                     FSR1L           equ	4065	;# 
   224   000FE2                     FSR1H           equ	4066	;# 
   225   000FE3                     PLUSW1          equ	4067	;# 
   226   000FE4                     PREINC1         equ	4068	;# 
   227   000FE5                     POSTDEC1        equ	4069	;# 
   228   000FE6                     POSTINC1        equ	4070	;# 
   229   000FE7                     INDF1           equ	4071	;# 
   230   000FE8                     WREG            equ	4072	;# 
   231   000FE9                     FSR0            equ	4073	;# 
   232   000FE9                     FSR0L           equ	4073	;# 
   233   000FEA                     FSR0H           equ	4074	;# 
   234   000FEB                     PLUSW0          equ	4075	;# 
   235   000FEC                     PREINC0         equ	4076	;# 
   236   000FED                     POSTDEC0        equ	4077	;# 
   237   000FEE                     POSTINC0        equ	4078	;# 
   238   000FEF                     INDF0           equ	4079	;# 
   239   000FF0                     INTCON3         equ	4080	;# 
   240   000FF1                     INTCON2         equ	4081	;# 
   241   000FF2                     INTCON          equ	4082	;# 
   242   000FF3                     PROD            equ	4083	;# 
   243   000FF3                     PRODL           equ	4083	;# 
   244   000FF4                     PRODH           equ	4084	;# 
   245   000FF5                     TABLAT          equ	4085	;# 
   246   000FF6                     TBLPTR          equ	4086	;# 
   247   000FF6                     TBLPTRL         equ	4086	;# 
   248   000FF7                     TBLPTRH         equ	4087	;# 
   249   000FF8                     TBLPTRU         equ	4088	;# 
   250   000FF9                     PCLAT           equ	4089	;# 
   251   000FF9                     PC              equ	4089	;# 
   252   000FF9                     PCL             equ	4089	;# 
   253   000FFA                     PCLATH          equ	4090	;# 
   254   000FFB                     PCLATU          equ	4091	;# 
   255   000FFC                     STKPTR          equ	4092	;# 
   256   000FFD                     TOS             equ	4093	;# 
   257   000FFD                     TOSL            equ	4093	;# 
   258   000FFE                     TOSH            equ	4094	;# 
   259   000FFF                     TOSU            equ	4095	;# 
   260                           
   261                           	psect	idataCOMRAM
   262   000A2A                     __pidataCOMRAM:
   263                           	callstack 0
   264                           
   265                           ;initializer for main@F3215
   266   000A2A  FC                 	db	252
   267   000A2B  60                 	db	96
   268   000A2C  DA                 	db	218
   269   000A2D  F2                 	db	242
   270   000A2E  66                 	db	102
   271   000A2F  B6                 	db	182
   272   000A30  BE                 	db	190
   273   000A31  E0                 	db	224
   274   000A32  FE                 	db	254
   275   000A33  F6                 	db	246
   276   000F8A                     _LATB           set	3978
   277   000F8C                     _LATD           set	3980
   278   000F95                     _TRISD          set	3989
   279   000F93                     _TRISB          set	3987
   280                           
   281                           ; #config settings
   282                           
   283                           	psect	cinit
   284   000A04                     __pcinit:
   285                           	callstack 0
   286   000A04                     start_initialization:
   287                           	callstack 0
   288   000A04                     __initialization:
   289                           	callstack 0
   290                           
   291                           ; Initialize objects allocated to COMRAM (10 bytes)
   292                           ; load TBLPTR registers with __pidataCOMRAM
   293   000A04  0E2A               	movlw	low __pidataCOMRAM
   294   000A06  6EF6               	movwf	tblptrl,c
   295   000A08  0E0A               	movlw	high __pidataCOMRAM
   296   000A0A  6EF7               	movwf	tblptrh,c
   297   000A0C  0E00               	movlw	low (__pidataCOMRAM shr (0+16))
   298   000A0E  6EF8               	movwf	tblptru,c
   299   000A10  EE00  F01A         	lfsr	0,__pdataCOMRAM
   300   000A14  EE10 F00A          	lfsr	1,10
   301   000A18                     copy_data0:
   302   000A18  0009               	tblrd		*+
   303   000A1A  CFF5 FFEE          	movff	tablat,postinc0
   304   000A1E  50E5               	movf	postdec1,w,c
   305   000A20  50E1               	movf	fsr1l,w,c
   306   000A22  E1FA               	bnz	copy_data0
   307   000A24                     end_of_initialization:
   308                           	callstack 0
   309   000A24                     __end_of__initialization:
   310                           	callstack 0
   311   000A24  0100               	movlb	0
   312   000A26  EF01  F004         	goto	_main	;jump to C main() function
   313                           
   314                           	psect	dataCOMRAM
   315   00001A                     __pdataCOMRAM:
   316                           	callstack 0
   317   00001A                     main@F3215:
   318                           	callstack 0
   319   00001A                     	ds	10
   320                           
   321                           	psect	cstackCOMRAM
   322   000001                     __pcstackCOMRAM:
   323                           	callstack 0
   324   000001                     ??_main:
   325                           
   326                           ; 1 bytes @ 0x0
   327   000001                     	ds	1
   328   000002                     main@display:
   329                           	callstack 0
   330                           
   331                           ; 10 bytes @ 0x1
   332   000002                     	ds	10
   333   00000C                     main@cont:
   334                           	callstack 0
   335                           
   336                           ; 2 bytes @ 0xB
   337   00000C                     	ds	2
   338   00000E                     main@disp6:
   339                           	callstack 0
   340                           
   341                           ; 2 bytes @ 0xD
   342   00000E                     	ds	2
   343   000010                     main@disp1:
   344                           	callstack 0
   345                           
   346                           ; 2 bytes @ 0xF
   347   000010                     	ds	2
   348   000012                     main@disp2:
   349                           	callstack 0
   350                           
   351                           ; 2 bytes @ 0x11
   352   000012                     	ds	2
   353   000014                     main@disp3:
   354                           	callstack 0
   355                           
   356                           ; 2 bytes @ 0x13
   357   000014                     	ds	2
   358   000016                     main@disp4:
   359                           	callstack 0
   360                           
   361                           ; 2 bytes @ 0x15
   362   000016                     	ds	2
   363   000018                     main@disp5:
   364                           	callstack 0
   365                           
   366                           ; 2 bytes @ 0x17
   367   000018                     	ds	2
   368                           
   369 ;;
   370 ;;Main: autosize = 0, tempsize = 1, incstack = 0, save=0
   371 ;;
   372 ;; *************** function _main *****************
   373 ;; Defined at:
   374 ;;		line 17 in file "main.c"
   375 ;; Parameters:    Size  Location     Type
   376 ;;		None
   377 ;; Auto vars:     Size  Location     Type
   378 ;;  cont            2   11[COMRAM] int 
   379 ;;  display        10    1[COMRAM] unsigned char [10]
   380 ;;  disp5           2   23[COMRAM] int 
   381 ;;  disp4           2   21[COMRAM] int 
   382 ;;  disp3           2   19[COMRAM] int 
   383 ;;  disp2           2   17[COMRAM] int 
   384 ;;  disp1           2   15[COMRAM] int 
   385 ;;  disp6           2   13[COMRAM] int 
   386 ;; Return value:  Size  Location     Type
   387 ;;                  1    wreg      void 
   388 ;; Registers used:
   389 ;;		wreg, fsr1l, fsr1h, fsr2l, fsr2h, status,2, status,0
   390 ;; Tracked objects:
   391 ;;		On entry : 0/0
   392 ;;		On exit  : 0/0
   393 ;;		Unchanged: 0/0
   394 ;; Data sizes:     COMRAM   BANK0   BANK1   BANK2   BANK3   BANK4   BANK5   BANK6   BANK7
   395 ;;      Params:         0       0       0       0       0       0       0       0       0
   396 ;;      Locals:        24       0       0       0       0       0       0       0       0
   397 ;;      Temps:          1       0       0       0       0       0       0       0       0
   398 ;;      Totals:        25       0       0       0       0       0       0       0       0
   399 ;;Total ram usage:       25 bytes
   400 ;; This function calls:
   401 ;;		Nothing
   402 ;; This function is called by:
   403 ;;		Startup code after reset
   404 ;; This function uses a non-reentrant model
   405 ;;
   406                           
   407                           	psect	text0
   408   000802                     __ptext0:
   409                           	callstack 0
   410   000802                     _main:
   411                           	callstack 31
   412   000802                     
   413                           ;main.c: 18:     unsigned char display[10] = {
   414   000802  EE20  F01A         	lfsr	2,main@F3215
   415   000806  EE10  F002         	lfsr	1,main@display
   416   00080A  0E09               	movlw	9
   417   00080C                     u11:
   418   00080C  CFDB FFE3          	movff	plusw2,plusw1
   419   000810  06E8               	decf	wreg,f,c
   420   000812  E2FC               	bc	u11
   421   000814                     
   422                           ;main.c: 30:     int disp1 = 0,
   423   000814  0E00               	movlw	0
   424   000816  6E11               	movwf	(main@disp1+1)^0,c
   425   000818  0E00               	movlw	0
   426   00081A  6E10               	movwf	main@disp1^0,c
   427   00081C                     
   428                           ;main.c: 31:         disp2 = 0,
   429   00081C  0E00               	movlw	0
   430   00081E  6E13               	movwf	(main@disp2+1)^0,c
   431   000820  0E00               	movlw	0
   432   000822  6E12               	movwf	main@disp2^0,c
   433   000824                     
   434                           ;main.c: 32:         disp3 = 0,
   435   000824  0E00               	movlw	0
   436   000826  6E15               	movwf	(main@disp3+1)^0,c
   437   000828  0E00               	movlw	0
   438   00082A  6E14               	movwf	main@disp3^0,c
   439   00082C                     
   440                           ;main.c: 33:         disp4 = 0,
   441   00082C  0E00               	movlw	0
   442   00082E  6E17               	movwf	(main@disp4+1)^0,c
   443   000830  0E00               	movlw	0
   444   000832  6E16               	movwf	main@disp4^0,c
   445   000834                     
   446                           ;main.c: 34:         disp5 = 0,
   447   000834  0E00               	movlw	0
   448   000836  6E19               	movwf	(main@disp5+1)^0,c
   449   000838  0E00               	movlw	0
   450   00083A  6E18               	movwf	main@disp5^0,c
   451   00083C                     
   452                           ;main.c: 35:         disp6 = 0;
   453   00083C  0E00               	movlw	0
   454   00083E  6E0F               	movwf	(main@disp6+1)^0,c
   455   000840  0E00               	movlw	0
   456   000842  6E0E               	movwf	main@disp6^0,c
   457   000844                     
   458                           ;main.c: 36:     TRISB = 0;
   459   000844  6A93               	clrf	147,c	;volatile
   460   000846                     
   461                           ;main.c: 37:     TRISD = 0;
   462   000846  6A95               	clrf	149,c	;volatile
   463   000848                     
   464                           ;main.c: 38:     LATD = 0;
   465   000848  6A8C               	clrf	140,c	;volatile
   466   00084A                     
   467                           ;main.c: 39:     LATB = 0;
   468   00084A  6A8A               	clrf	138,c	;volatile
   469   00084C                     l727:
   470                           
   471                           ;main.c: 45:         int cont = 0;
   472   00084C  0E00               	movlw	0
   473   00084E  6E0D               	movwf	(main@cont+1)^0,c
   474   000850  0E00               	movlw	0
   475   000852  6E0C               	movwf	main@cont^0,c
   476                           
   477                           ;main.c: 47:         while(cont < 200){
   478   000854  EF8C  F004         	goto	l761
   479   000858                     l729:
   480                           
   481                           ;main.c: 48:             LATD = 0b10000000;
   482   000858  0E80               	movlw	128
   483   00085A  6E8C               	movwf	140,c	;volatile
   484   00085C                     
   485                           ;main.c: 49:             LATB = display[disp1];
   486   00085C  5010               	movf	main@disp1^0,w,c
   487   00085E  0F02               	addlw	low main@display
   488   000860  6ED9               	movwf	fsr2l,c
   489   000862  6ADA               	clrf	fsr2h,c
   490   000864  50DF               	movf	indf2,w,c
   491   000866  6E8A               	movwf	138,c	;volatile
   492   000868                     
   493                           ;main.c: 50:             _delay((unsigned long)((1)*(20000000/4000.0)));
   494   000868  0E07               	movlw	7
   495   00086A  6E01               	movwf	??_main^0,c
   496   00086C  0E7D               	movlw	125
   497   00086E                     u97:
   498   00086E  2EE8               	decfsz	wreg,f,c
   499   000870  D7FE               	bra	u97
   500   000872  2E01               	decfsz	??_main^0,f,c
   501   000874  D7FC               	bra	u97
   502   000876  0000               	nop	
   503   000878                     
   504                           ;main.c: 51:             LATD = 0b01000000;
   505   000878  0E40               	movlw	64
   506   00087A  6E8C               	movwf	140,c	;volatile
   507   00087C                     
   508                           ;main.c: 52:             LATB = display[disp2];
   509   00087C  5012               	movf	main@disp2^0,w,c
   510   00087E  0F02               	addlw	low main@display
   511   000880  6ED9               	movwf	fsr2l,c
   512   000882  6ADA               	clrf	fsr2h,c
   513   000884  50DF               	movf	indf2,w,c
   514   000886  6E8A               	movwf	138,c	;volatile
   515                           
   516                           ;main.c: 53:             _delay((unsigned long)((1)*(20000000/4000.0)));
   517   000888  0E07               	movlw	7
   518   00088A  6E01               	movwf	??_main^0,c
   519   00088C  0E7D               	movlw	125
   520   00088E                     u107:
   521   00088E  2EE8               	decfsz	wreg,f,c
   522   000890  D7FE               	bra	u107
   523   000892  2E01               	decfsz	??_main^0,f,c
   524   000894  D7FC               	bra	u107
   525   000896  0000               	nop	
   526   000898                     
   527                           ;main.c: 54:             LATD = 0b00100000;
   528   000898  0E20               	movlw	32
   529   00089A  6E8C               	movwf	140,c	;volatile
   530   00089C                     
   531                           ;main.c: 55:             LATB = display[disp3];
   532   00089C  5014               	movf	main@disp3^0,w,c
   533   00089E  0F02               	addlw	low main@display
   534   0008A0  6ED9               	movwf	fsr2l,c
   535   0008A2  6ADA               	clrf	fsr2h,c
   536   0008A4  50DF               	movf	indf2,w,c
   537   0008A6  6E8A               	movwf	138,c	;volatile
   538   0008A8                     
   539                           ;main.c: 56:             _delay((unsigned long)((1)*(20000000/4000.0)));
   540   0008A8  0E07               	movlw	7
   541   0008AA  6E01               	movwf	??_main^0,c
   542   0008AC  0E7D               	movlw	125
   543   0008AE                     u117:
   544   0008AE  2EE8               	decfsz	wreg,f,c
   545   0008B0  D7FE               	bra	u117
   546   0008B2  2E01               	decfsz	??_main^0,f,c
   547   0008B4  D7FC               	bra	u117
   548   0008B6  0000               	nop	
   549   0008B8                     
   550                           ;main.c: 57:             LATD = 0b00010000;
   551   0008B8  0E10               	movlw	16
   552   0008BA  6E8C               	movwf	140,c	;volatile
   553                           
   554                           ;main.c: 58:             LATB = display[disp4];
   555   0008BC  5016               	movf	main@disp4^0,w,c
   556   0008BE  0F02               	addlw	low main@display
   557   0008C0  6ED9               	movwf	fsr2l,c
   558   0008C2  6ADA               	clrf	fsr2h,c
   559   0008C4  50DF               	movf	indf2,w,c
   560   0008C6  6E8A               	movwf	138,c	;volatile
   561   0008C8                     
   562                           ;main.c: 59:             _delay((unsigned long)((1)*(20000000/4000.0)));
   563   0008C8  0E07               	movlw	7
   564   0008CA  6E01               	movwf	??_main^0,c
   565   0008CC  0E7D               	movlw	125
   566   0008CE                     u127:
   567   0008CE  2EE8               	decfsz	wreg,f,c
   568   0008D0  D7FE               	bra	u127
   569   0008D2  2E01               	decfsz	??_main^0,f,c
   570   0008D4  D7FC               	bra	u127
   571   0008D6  0000               	nop	
   572   0008D8                     
   573                           ;main.c: 60:             LATD = 0b00001000;
   574   0008D8  0E08               	movlw	8
   575   0008DA  6E8C               	movwf	140,c	;volatile
   576   0008DC                     
   577                           ;main.c: 61:             LATB = display[disp5];
   578   0008DC  5018               	movf	main@disp5^0,w,c
   579   0008DE  0F02               	addlw	low main@display
   580   0008E0  6ED9               	movwf	fsr2l,c
   581   0008E2  6ADA               	clrf	fsr2h,c
   582   0008E4  50DF               	movf	indf2,w,c
   583   0008E6  6E8A               	movwf	138,c	;volatile
   584   0008E8                     
   585                           ;main.c: 62:             _delay((unsigned long)((500)*(20000000/4000000.0)));
   586   0008E8  0E04               	movlw	4
   587   0008EA  6E01               	movwf	??_main^0,c
   588   0008EC  0E3E               	movlw	62
   589   0008EE                     u137:
   590   0008EE  2EE8               	decfsz	wreg,f,c
   591   0008F0  D7FE               	bra	u137
   592   0008F2  2E01               	decfsz	??_main^0,f,c
   593   0008F4  D7FC               	bra	u137
   594                           
   595                           ;main.c: 63:             LATD = 0b00000100;
   596   0008F6  0E04               	movlw	4
   597   0008F8  6E8C               	movwf	140,c	;volatile
   598   0008FA                     
   599                           ;main.c: 64:             LATB = display[disp6];
   600   0008FA  500E               	movf	main@disp6^0,w,c
   601   0008FC  0F02               	addlw	low main@display
   602   0008FE  6ED9               	movwf	fsr2l,c
   603   000900  6ADA               	clrf	fsr2h,c
   604   000902  50DF               	movf	indf2,w,c
   605   000904  6E8A               	movwf	138,c	;volatile
   606   000906                     
   607                           ;main.c: 65:             _delay((unsigned long)((500)*(20000000/4000000.0)));
   608   000906  0E04               	movlw	4
   609   000908  6E01               	movwf	??_main^0,c
   610   00090A  0E3E               	movlw	62
   611   00090C                     u147:
   612   00090C  2EE8               	decfsz	wreg,f,c
   613   00090E  D7FE               	bra	u147
   614   000910  2E01               	decfsz	??_main^0,f,c
   615   000912  D7FC               	bra	u147
   616   000914                     
   617                           ;main.c: 66:             cont++;
   618   000914  4A0C               	infsnz	main@cont^0,f,c
   619   000916  2A0D               	incf	(main@cont+1)^0,f,c
   620   000918                     l761:
   621                           
   622                           ;main.c: 47:         while(cont < 200){
   623   000918  BE0D               	btfsc	(main@cont+1)^0,7,c
   624   00091A  EF98  F004         	goto	u21
   625   00091E  500D               	movf	(main@cont+1)^0,w,c
   626   000920  E109               	bnz	u20
   627   000922  0EC8               	movlw	200
   628   000924  5C0C               	subwf	main@cont^0,w,c
   629   000926  A0D8               	btfss	status,0,c
   630   000928  EF98  F004         	goto	u21
   631   00092C  EF9A  F004         	goto	u20
   632   000930                     u21:
   633   000930  EF2C  F004         	goto	l729
   634   000934                     u20:
   635   000934                     
   636                           ;main.c: 69:         disp1++;
   637   000934  4A10               	infsnz	main@disp1^0,f,c
   638   000936  2A11               	incf	(main@disp1+1)^0,f,c
   639   000938                     
   640                           ;main.c: 70:         if(disp1 > 9){
   641   000938  BE11               	btfsc	(main@disp1+1)^0,7,c
   642   00093A  EFA8  F004         	goto	u31
   643   00093E  5011               	movf	(main@disp1+1)^0,w,c
   644   000940  E109               	bnz	u30
   645   000942  0E0A               	movlw	10
   646   000944  5C10               	subwf	main@disp1^0,w,c
   647   000946  A0D8               	btfss	status,0,c
   648   000948  EFA8  F004         	goto	u31
   649   00094C  EFAA  F004         	goto	u30
   650   000950                     u31:
   651   000950  EFB0  F004         	goto	l771
   652   000954                     u30:
   653   000954                     
   654                           ;main.c: 71:             disp1 = 0;
   655   000954  0E00               	movlw	0
   656   000956  6E11               	movwf	(main@disp1+1)^0,c
   657   000958  0E00               	movlw	0
   658   00095A  6E10               	movwf	main@disp1^0,c
   659   00095C                     
   660                           ;main.c: 72:             disp2++;
   661   00095C  4A12               	infsnz	main@disp2^0,f,c
   662   00095E  2A13               	incf	(main@disp2+1)^0,f,c
   663   000960                     l771:
   664                           
   665                           ;main.c: 74:         if(disp2 == 6){
   666   000960  0E06               	movlw	6
   667   000962  1812               	xorwf	main@disp2^0,w,c
   668   000964  1013               	iorwf	(main@disp2+1)^0,w,c
   669   000966  A4D8               	btfss	status,2,c
   670   000968  EFB8  F004         	goto	u41
   671   00096C  EFBA  F004         	goto	u40
   672   000970                     u41:
   673   000970  EFC0  F004         	goto	l777
   674   000974                     u40:
   675   000974                     
   676                           ;main.c: 75:             disp2 = 0;
   677   000974  0E00               	movlw	0
   678   000976  6E13               	movwf	(main@disp2+1)^0,c
   679   000978  0E00               	movlw	0
   680   00097A  6E12               	movwf	main@disp2^0,c
   681   00097C                     
   682                           ;main.c: 76:             disp3++;
   683   00097C  4A14               	infsnz	main@disp3^0,f,c
   684   00097E  2A15               	incf	(main@disp3+1)^0,f,c
   685   000980                     l777:
   686                           
   687                           ;main.c: 78:         if(disp3 == 9){
   688   000980  0E09               	movlw	9
   689   000982  1814               	xorwf	main@disp3^0,w,c
   690   000984  1015               	iorwf	(main@disp3+1)^0,w,c
   691   000986  A4D8               	btfss	status,2,c
   692   000988  EFC8  F004         	goto	u51
   693   00098C  EFCA  F004         	goto	u50
   694   000990                     u51:
   695   000990  EFD0  F004         	goto	l783
   696   000994                     u50:
   697   000994                     
   698                           ;main.c: 79:             disp3 = 0;
   699   000994  0E00               	movlw	0
   700   000996  6E15               	movwf	(main@disp3+1)^0,c
   701   000998  0E00               	movlw	0
   702   00099A  6E14               	movwf	main@disp3^0,c
   703   00099C                     
   704                           ;main.c: 80:             disp4++;
   705   00099C  4A16               	infsnz	main@disp4^0,f,c
   706   00099E  2A17               	incf	(main@disp4+1)^0,f,c
   707   0009A0                     l783:
   708                           
   709                           ;main.c: 82:         if(disp4 == 6){
   710   0009A0  0E06               	movlw	6
   711   0009A2  1816               	xorwf	main@disp4^0,w,c
   712   0009A4  1017               	iorwf	(main@disp4+1)^0,w,c
   713   0009A6  A4D8               	btfss	status,2,c
   714   0009A8  EFD8  F004         	goto	u61
   715   0009AC  EFDA  F004         	goto	u60
   716   0009B0                     u61:
   717   0009B0  EFE0  F004         	goto	l789
   718   0009B4                     u60:
   719   0009B4                     
   720                           ;main.c: 83:             disp4 = 0;
   721   0009B4  0E00               	movlw	0
   722   0009B6  6E17               	movwf	(main@disp4+1)^0,c
   723   0009B8  0E00               	movlw	0
   724   0009BA  6E16               	movwf	main@disp4^0,c
   725   0009BC                     
   726                           ;main.c: 84:             disp5++;
   727   0009BC  4A18               	infsnz	main@disp5^0,f,c
   728   0009BE  2A19               	incf	(main@disp5+1)^0,f,c
   729   0009C0                     l789:
   730                           
   731                           ;main.c: 86:         if(disp5 == 6){
   732   0009C0  0E06               	movlw	6
   733   0009C2  1818               	xorwf	main@disp5^0,w,c
   734   0009C4  1019               	iorwf	(main@disp5+1)^0,w,c
   735   0009C6  A4D8               	btfss	status,2,c
   736   0009C8  EFE8  F004         	goto	u71
   737   0009CC  EFEA  F004         	goto	u70
   738   0009D0                     u71:
   739   0009D0  EFF0  F004         	goto	l795
   740   0009D4                     u70:
   741   0009D4                     
   742                           ;main.c: 87:             disp5 = 0;
   743   0009D4  0E00               	movlw	0
   744   0009D6  6E19               	movwf	(main@disp5+1)^0,c
   745   0009D8  0E00               	movlw	0
   746   0009DA  6E18               	movwf	main@disp5^0,c
   747   0009DC                     
   748                           ;main.c: 88:             disp6++;
   749   0009DC  4A0E               	infsnz	main@disp6^0,f,c
   750   0009DE  2A0F               	incf	(main@disp6+1)^0,f,c
   751   0009E0                     l795:
   752                           
   753                           ;main.c: 90:         if(disp5 == 6)disp6 = 0;
   754   0009E0  0E06               	movlw	6
   755   0009E2  1818               	xorwf	main@disp5^0,w,c
   756   0009E4  1019               	iorwf	(main@disp5+1)^0,w,c
   757   0009E6  A4D8               	btfss	status,2,c
   758   0009E8  EFF8  F004         	goto	u81
   759   0009EC  EFFA  F004         	goto	u80
   760   0009F0                     u81:
   761   0009F0  EF26  F004         	goto	l727
   762   0009F4                     u80:
   763   0009F4  0E00               	movlw	0
   764   0009F6  6E0F               	movwf	(main@disp6+1)^0,c
   765   0009F8  0E00               	movlw	0
   766   0009FA  6E0E               	movwf	main@disp6^0,c
   767   0009FC  EF26  F004         	goto	l727
   768   000A00  EFFE  F03F         	goto	start
   769   000A04                     __end_of_main:
   770                           	callstack 0
   771                           
   772                           	psect	smallconst
   773   000800                     __psmallconst:
   774                           	callstack 0
   775   000800  00                 	db	0
   776   000801  00                 	db	0	; dummy byte at the end
   777   000800                     __smallconst    set	__psmallconst
   778   000800                     __mediumconst   set	__psmallconst
   779   000000                     __activetblptr  equ	0
   780                           
   781                           	psect	rparam
   782   000001                     ___rparam_used  equ	1
   783   000000                     ___param_bank   equ	0
   784   000000                     __Lparam        equ	__Lrparam
   785   000000                     __Hparam        equ	__Hrparam
   786                           
   787                           	psect	config
   788                           
   789                           ;Config register CONFIG1L @ 0x300000
   790                           ;	unspecified, using default values
   791                           ;	PLL Prescaler Selection bits
   792                           ;	PLLDIV = 0x0, unprogrammed default
   793                           ;	System Clock Postscaler Selection bits
   794                           ;	CPUDIV = 0x0, unprogrammed default
   795                           ;	USB Clock Selection bit (used in Full-Speed USB mode only; UCFG:FSEN = 1)
   796                           ;	USBDIV = 0x0, unprogrammed default
   797   300000                     	org	3145728
   798   300000  00                 	db	0
   799                           
   800                           ;Config register CONFIG1H @ 0x300001
   801                           ;	Oscillator Selection bits
   802                           ;	FOSC = HS, HS oscillator (HS)
   803                           ;	Fail-Safe Clock Monitor Enable bit
   804                           ;	FCMEN = 0x0, unprogrammed default
   805                           ;	Internal/External Oscillator Switchover bit
   806                           ;	IESO = 0x0, unprogrammed default
   807   300001                     	org	3145729
   808   300001  0C                 	db	12
   809                           
   810                           ;Config register CONFIG2L @ 0x300002
   811                           ;	Power-up Timer Enable bit
   812                           ;	PWRT = ON, PWRT enabled
   813                           ;	Brown-out Reset Enable bits
   814                           ;	BOR = OFF, Brown-out Reset disabled in hardware and software
   815                           ;	Brown-out Reset Voltage bits
   816                           ;	BORV = 0x3, unprogrammed default
   817                           ;	USB Voltage Regulator Enable bit
   818                           ;	VREGEN = 0x0, unprogrammed default
   819   300002                     	org	3145730
   820   300002  18                 	db	24
   821                           
   822                           ;Config register CONFIG2H @ 0x300003
   823                           ;	Watchdog Timer Enable bit
   824                           ;	WDT = OFF, WDT disabled (control is placed on the SWDTEN bit)
   825                           ;	Watchdog Timer Postscale Select bits
   826                           ;	WDTPS = 0xF, unprogrammed default
   827   300003                     	org	3145731
   828   300003  1E                 	db	30
   829                           
   830                           ; Padding undefined space
   831   300004                     	org	3145732
   832   300004  FF                 	db	255
   833                           
   834                           ;Config register CONFIG3H @ 0x300005
   835                           ;	CCP2 MUX bit
   836                           ;	CCP2MX = 0x1, unprogrammed default
   837                           ;	PORTB A/D Enable bit
   838                           ;	PBADEN = OFF, PORTB<4:0> pins are configured as digital I/O on Reset
   839                           ;	Low-Power Timer 1 Oscillator Enable bit
   840                           ;	LPT1OSC = 0x0, unprogrammed default
   841                           ;	MCLR Pin Enable bit
   842                           ;	MCLRE = 0x1, unprogrammed default
   843   300005                     	org	3145733
   844   300005  81                 	db	129
   845                           
   846                           ;Config register CONFIG4L @ 0x300006
   847                           ;	Stack Full/Underflow Reset Enable bit
   848                           ;	STVREN = 0x1, unprogrammed default
   849                           ;	Single-Supply ICSP Enable bit
   850                           ;	LVP = OFF, Single-Supply ICSP disabled
   851                           ;	Dedicated In-Circuit Debug/Programming Port (ICPORT) Enable bit
   852                           ;	ICPRT = 0x0, unprogrammed default
   853                           ;	Extended Instruction Set Enable bit
   854                           ;	XINST = 0x0, unprogrammed default
   855                           ;	Background Debugger Enable bit
   856                           ;	DEBUG = 0x1, unprogrammed default
   857   300006                     	org	3145734
   858   300006  81                 	db	129
   859                           
   860                           ; Padding undefined space
   861   300007                     	org	3145735
   862   300007  FF                 	db	255
   863                           tosu	equ	0xFFF
   864                           tosh	equ	0xFFE
   865                           tosl	equ	0xFFD
   866                           stkptr	equ	0xFFC
   867                           pclatu	equ	0xFFB
   868                           pclath	equ	0xFFA
   869                           pcl	equ	0xFF9
   870                           tblptru	equ	0xFF8
   871                           tblptrh	equ	0xFF7
   872                           tblptrl	equ	0xFF6
   873                           tablat	equ	0xFF5
   874                           prodh	equ	0xFF4
   875                           prodl	equ	0xFF3
   876                           indf0	equ	0xFEF
   877                           postinc0	equ	0xFEE
   878                           postdec0	equ	0xFED
   879                           preinc0	equ	0xFEC
   880                           plusw0	equ	0xFEB
   881                           fsr0h	equ	0xFEA
   882                           fsr0l	equ	0xFE9
   883                           wreg	equ	0xFE8
   884                           indf1	equ	0xFE7
   885                           postinc1	equ	0xFE6
   886                           postdec1	equ	0xFE5
   887                           preinc1	equ	0xFE4
   888                           plusw1	equ	0xFE3
   889                           fsr1h	equ	0xFE2
   890                           fsr1l	equ	0xFE1
   891                           bsr	equ	0xFE0
   892                           indf2	equ	0xFDF
   893                           postinc2	equ	0xFDE
   894                           postdec2	equ	0xFDD
   895                           preinc2	equ	0xFDC
   896                           plusw2	equ	0xFDB
   897                           fsr2h	equ	0xFDA
   898                           fsr2l	equ	0xFD9
   899                           status	equ	0xFD8

Data Sizes:
    Strings     0
    Constant    0
    Data        10
    BSS         0
    Persistent  0
    Stack       0

Auto Spaces:
    Space          Size  Autos    Used
    COMRAM           95     25      35
    BANK0           160      0       0
    BANK1           256      0       0
    BANK2           256      0       0
    BANK3           256      0       0
    BANK4           256      0       0
    BANK5           256      0       0
    BANK6           256      0       0
    BANK7           256      0       0

Pointer List with Targets:

    None.

Critical Paths under _main in COMRAM

    None.

Critical Paths under _main in BANK0

    None.

Critical Paths under _main in BANK1

    None.

Critical Paths under _main in BANK2

    None.

Critical Paths under _main in BANK3

    None.

Critical Paths under _main in BANK4

    None.

Critical Paths under _main in BANK5

    None.

Critical Paths under _main in BANK6

    None.

Critical Paths under _main in BANK7

    None.

Call Graph Tables:

 ---------------------------------------------------------------------------------
 (Depth) Function   	        Calls       Base Space   Used Autos Params    Refs
 ---------------------------------------------------------------------------------
 (0) _main                                                25    25      0     285
                                              0 COMRAM    25    25      0
 ---------------------------------------------------------------------------------
 Estimated maximum stack depth 0
 ---------------------------------------------------------------------------------

 Call Graph Graphs:

 _main (ROOT)

Address spaces:
Name               Size   Autos  Total    Usage
BIGRAM            2047      0       0      0.0%
BITBANK7           256      0       0      0.0%
BANK7              256      0       0      0.0%
BITBANK6           256      0       0      0.0%
BANK6              256      0       0      0.0%
BITBANK5           256      0       0      0.0%
BANK5              256      0       0      0.0%
BITBANK4           256      0       0      0.0%
BANK4              256      0       0      0.0%
BITBANK3           256      0       0      0.0%
BANK3              256      0       0      0.0%
BITBANK2           256      0       0      0.0%
BANK2              256      0       0      0.0%
BITBANK1           256      0       0      0.0%
BANK1              256      0       0      0.0%
BITBANK0           160      0       0      0.0%
BANK0              160      0       0      0.0%
BITBIGSFRh         117      0       0      0.0%
BITCOMRAM           95      0       0      0.0%
COMRAM              95     25      35     36.8%
BITBIGSFRl          42      0       0      0.0%
STACK                0      0       0      0.0%
DATA                 0      0      35      0.0%


Microchip Technology PIC18 Macro Assembler V3.00 build 20241204225717 
Symbol Table                                                                                   Fri May 30 22:02:49 2025

                     u11 080C                       u20 0934                       u21 0930  
                     u30 0954                       u31 0950                       u40 0974  
                     u41 0970                       u50 0994                       u51 0990  
                     u60 09B4                       u61 09B0                       u70 09D4  
                     u71 09D0                       u80 09F4                       u81 09F0  
                     u97 086E                      l711 0824                      l721 0846  
                    l713 082C                      l705 0802                      l731 085C  
                    l723 0848                      l715 0834                      l707 0814  
                    l741 089C                      l733 0868                      l725 084A  
                    l717 083C                      l709 081C                      l751 08DC  
                    l743 08A8                      l735 0878                      l727 084C  
                    l719 0844                      l753 08E8                      l745 08B8  
                    l737 087C                      l729 0858                      l761 0918  
                    l771 0960                      l763 0934                      l755 08FA  
                    l747 08C8                      l739 0898                      l781 099C  
                    l773 0974                      l765 0938                      l757 0906  
                    l749 08D8                      l791 09D4                      l783 09A0  
                    l775 097C                      l767 0954                      l759 0914  
                    l793 09DC                      l785 09B4                      l777 0980  
                    l769 095C                      l795 09E0                      l787 09BC  
                    l779 0994                      l797 09F4                      l789 09C0  
                    u107 088E                      u117 08AE                      u127 08CE  
                    u137 08EE                      u147 090C                      wreg 0FE8  
            main@display 0002                     _LATB 0F8A                     _LATD 0F8C  
                   _main 0802                     fsr2h 0FDA                     indf2 0FDF  
                   fsr1l 0FE1                     fsr2l 0FD9                     start 7FFC  
           ___param_bank 0000                    ?_main 0001                    _TRISB 0F93  
                  _TRISD 0F95                    tablat 0FF5                    plusw1 0FE3  
                  plusw2 0FDB                    status 0FD8          __initialization 0A04  
           __end_of_main 0A04                   ??_main 0001            __activetblptr 0000  
                 isa$std 0001             __pdataCOMRAM 001A             __mediumconst 0800  
                 tblptrh 0FF7                   tblptrl 0FF6                   tblptru 0FF8  
             __accesstop 0060  __end_of__initialization 0A24            ___rparam_used 0001  
         __pcstackCOMRAM 0001                  __Hparam 0000                  __Lparam 0000  
           __psmallconst 0800                  __pcinit 0A04                  __ramtop 0800  
                __ptext0 0802     end_of_initialization 0A24                  postdec1 0FE5  
                postinc0 0FEE            __pidataCOMRAM 0A2A      start_initialization 0A04  
            __smallconst 0800                main@F3215 001A                main@disp1 0010  
              main@disp2 0012                main@disp3 0014                main@disp4 0016  
              main@disp5 0018                main@disp6 000E                copy_data0 0A18  
               __Hrparam 0000                 __Lrparam 0000                 isa$xinst 0000  
               main@cont 000C  
